#!/usr/bin/env -S clitest -1
#
# Tests to the "add" problem of Udge in C.
#
# This file is part of Udge.
#
#
# Copyright (C) 2020-2023  Rudy Matela
#
# This program is free software; you can redistribute it and/or
# modify it under the terms of the GNU General Public License
# as published by the Free Software Foundation; either version 2
# of the License, or (at your option) any later version.
#
# This program is distributed in the hope that it will be useful,
# but WITHOUT ANY WARRANTY; without even the implied warranty of
# MERCHANTABILITY or FITNESS FOR A PARTICULAR PURPOSE.  See the
# GNU General Public License for more details.
#
# You should have received a copy of the GNU General Public License
# along with this program.  If not, see <http://www.gnu.org/licenses/>.

$ udge-judge add examples/add/add.c
6/6
$ udge-judge add examples/add/0-wo.c
incorrect output
0/6
$ udge-judge add examples/add/0-re.c 2>&1 | tail -2
runtime error: segmentation fault
0/6
$ udge-judge add examples/add/0-re2.c
runtime error
0/6
$ udge-judge add examples/add/0-tle.c
time limit exceeded
0/6
$ udge-judge add examples/add/0-ce.c 2>&1 | tail -2
compile error
0/6
$ udge-judge add examples/add/1-egio-a.c
incorrect output
1/6
$ udge-judge add examples/add/1-egio-b.c
incorrect output
1/6
$ udge-judge add examples/add/0-egio.c
incorrect output
0/6
$ udge-judge add examples/add/2-egio.c
incorrect output
2/6
$ udge-judge add examples/add/4-octals.c
incorrect output
4/6
$ udge-judge add examples/add/5-no-function.c 2>&1 | tail -2
compile error
5/6
