$ udge-judge add examples/add/yes.c
6/6
$ udge-judge add examples/add/yes-5-6.c 2>&1 | tail -2
No - compile error (C)
5/6
$ udge-judge add examples/add/yes-4-6.c
No - wrong output
4/6
$ udge-judge add examples/add/wa.c
No - wrong output
0/6
$ udge-judge add examples/add/re.c 2>&1 | tail -2
No - runtime error (non-zero exit code)
0/6
$ udge-judge add examples/add/re2.c
No - runtime error (non-zero exit code)
0/6
$ udge-judge add examples/add/tle.c
No - time limit exceeded
0/6
$ udge-judge add examples/add/ce.c 2>&1 | tail -2
No - compile error (C)
0/6
