#!/usr/bin/env -S clitest -1
#
# Tests Udge sandboxing.
#
# This file is part of Udge.
#
#
# Copyright (C) 2020  Rudy Matela
#
# This program is free software; you can redistribute it and/or
# modify it under the terms of the GNU General Public License
# as published by the Free Software Foundation; either version 2
# of the License, or (at your option) any later version.
#
# This program is distributed in the hope that it will be useful,
# but WITHOUT ANY WARRANTY; without even the implied warranty of
# MERCHANTABILITY or FITNESS FOR A PARTICULAR PURPOSE.  See the
# GNU General Public License for more details.
#
# You should have received a copy of the GNU General Public License
# along with this program.  If not, see <http://www.gnu.org/licenses/>.

$ tmp=`mktemp /tmp/udge-test-attack-exe-XXXXXXXXXX`
$
$ udge-judge hello-world examples/attack/dns.c
No - runtime error (non-zero exit code)
0/1
$
$ cc examples/attack/dns.c -o $tmp
$ $tmp | grep example.com | sort -u
hostname: example.com
$ udge-sandbox $tmp
could not resolve hostname (-3)
$
$ udge-judge hello-world examples/attack/socket.c
No - runtime error (non-zero exit code)
0/1
$
$ cc examples/attack/socket.c -o $tmp
$ $tmp | grep "<h.>" | sed -e "s/<[^>]*>//g" | head -1
Udge Online Judge
$ udge-sandbox $tmp
could not connect to 127.0.0.1:80
$
$ udge-judge hello-world examples/attack/memory.c
No - runtime error (non-zero exit code)
0/1
$
$ cc examples/attack/memory.c -o $tmp
$ $tmp
Allocated 1Kb.
Allocated 1Mb.
Allocated 256Mb.
Allocated 1Gb.
Used 1Kb.
Used 1Mb.
Used 1Mb.
Used 1Gb.
$ udge-sandbox $tmp 2>&1 | sort -n
Allocated 1Kb.
Allocated 1Mb.
Allocated 256Mb.
Failed to allocate 1Gb.: Cannot allocate memory
$
$ rm $tmp
