$ tmp=`mktemp /tmp/udge-test-attack-exe-XXXXXXXXXX`
$
$ udge-judge hello-world examples/attack/dns.c
No - runtime error (non-zero exit code)
0/1
$
$ cc examples/attack/dns.c -o $tmp
$ $tmp | grep example.com | sort -u
hostname: example.com
$ udge-sandbox $tmp
could not resolve hostname (-3)
$
$ udge-judge hello-world examples/attack/socket.c
No - runtime error (non-zero exit code)
0/1
$
$ cc examples/attack/socket.c -o $tmp
$ $tmp | grep "<h.>" | sed -e "s/<[^>]*>//g" | head -1
Udge Online Judge
$ udge-sandbox $tmp
could not connect to 127.0.0.1:80
$
$ udge-judge hello-world examples/attack/memory.c
No - runtime error (non-zero exit code)
0/1
$
$ cc examples/attack/memory.c -o $tmp
$ $tmp
Allocated 1Kb.
Allocated 1Mb.
Allocated 256Mb.
Allocated 1Gb.
Used 1Kb.
Used 1Mb.
Used 1Mb.
Used 1Gb.
$ udge-sandbox $tmp 2>&1 | sort -n
Allocated 1Kb.
Allocated 1Mb.
Allocated 256Mb.
Failed to allocate 1Gb.: Cannot allocate memory
$
$ rm $tmp
