#!/usr/bin/env -S clitest -1
#
# Tests to the "cat" problem of Udge in C.
#
# This file is part of Udge.
#
#
# Copyright (C) 2020-2021  Rudy Matela
#
# This program is free software; you can redistribute it and/or
# modify it under the terms of the GNU General Public License
# as published by the Free Software Foundation; either version 2
# of the License, or (at your option) any later version.
#
# This program is distributed in the hope that it will be useful,
# but WITHOUT ANY WARRANTY; without even the implied warranty of
# MERCHANTABILITY or FITNESS FOR A PARTICULAR PURPOSE.  See the
# GNU General Public License for more details.
#
# You should have received a copy of the GNU General Public License
# along with this program.  If not, see <http://www.gnu.org/licenses/>.

$ udge-judge cat examples/cat/cat.c
6/6
$ udge-judge cat examples/hello/hello.c
incorrect output
0/6
$ udge-judge cat examples/cat/3-wrong-stderr.c
incorrect error output
3/6
$ udge-judge cat examples/cat/3-incorrect-exit-code.c
incorrect exit code
3/6
$ udge-judge cat examples/cat/5-no-.c
runtime error
5/6
