$ udge-judge hello-world examples/hello-world/yes.c
1/1
$ udge-judge hello-world examples/hello-world/no.c
No - wrong output
0/1
$ udge-judge hello-world examples/hello-world/no-ce.c 2>/dev/null
No - compile error (C)
0/1
$ udge-judge hello-world examples/hello-world/no-tle.c
No - time limit exceeded
0/1
$ udge-judge hello-world examples/hello-world/no-re.c
No - runtime error (non-zero exit code)
0/1
