#!/usr/bin/env -S clitest -1
#
# Tests for the "hello-world" example problem in Python.
#
# This file is part of Udge.
#
#
# Copyright (C) 2020-2022  Rudy Matela
#
# This program is free software; you can redistribute it and/or
# modify it under the terms of the GNU General Public License
# as published by the Free Software Foundation; either version 2
# of the License, or (at your option) any later version.
#
# This program is distributed in the hope that it will be useful,
# but WITHOUT ANY WARRANTY; without even the implied warranty of
# MERCHANTABILITY or FITNESS FOR A PARTICULAR PURPOSE.  See the
# GNU General Public License for more details.
#
# You should have received a copy of the GNU General Public License
# along with this program.  If not, see <http://www.gnu.org/licenses/>.

$ udge-judge hello-world examples/hello-world/hello-world.py
1/1
$ udge-judge hello-world examples/hello-world/0-wo.py
incorrect output
0/1
$ udge-judge hello-world examples/hello-world/0-ce.py 2>/dev/null
compile error
0/1
$ udge-judge hello-world examples/hello-world/0-tle.py
time limit exceeded
0/1
$ udge-judge hello-world examples/hello-world/0-re.py
runtime error
0/1
$ udge-judge hello-world examples/hello-world/1-py33.py
1/1
$ udge-judge hello-world examples/hello-world/1-py22.py
1/1
$ udge-judge hello-world examples/hello-world/0-py32.py 2>/dev/null
compile error
0/1
$ udge-judge hello-world examples/hello-world/0-py23.py 2>/dev/null
compile error
0/1
