$ udge-judge hello-world examples/hello-world/yes.hs 2>/dev/null | tail -1
1/1
$ udge-judge hello-world examples/hello-world/no.hs 2>/dev/null | tail -2
No - wrong output
0/1
$ udge-judge hello-world examples/hello-world/no-ce.hs 2>/dev/null | tail -2
No - compile error (Haskell)
0/1
$ udge-judge hello-world examples/hello-world/no-tle.hs 2>/dev/null | tail -2
No - time limit exceeded
0/1
$ udge-judge hello-world examples/hello-world/no-re.hs 2>/dev/null | tail -2
No - runtime error (non-zero exit code)
0/1
