#!/usr/bin/env -S clitest -1
#
# Tests for the "hello" example problem.
#
# This file is part of Udge.
#
#
# Copyright (C) 2020  Rudy Matela
#
# This program is free software; you can redistribute it and/or
# modify it under the terms of the GNU General Public License
# as published by the Free Software Foundation; either version 2
# of the License, or (at your option) any later version.
#
# This program is distributed in the hope that it will be useful,
# but WITHOUT ANY WARRANTY; without even the implied warranty of
# MERCHANTABILITY or FITNESS FOR A PARTICULAR PURPOSE.  See the
# GNU General Public License for more details.
#
# You should have received a copy of the GNU General Public License
# along with this program.  If not, see <http://www.gnu.org/licenses/>.

$ udge-judge hello examples/hello/hello.c
6/6
$ udge-judge hello examples/hello/0-fnf.c
udge-judge, error: source file not found
$ udge-judge hello examples/hello/0-ce.c 2>/dev/null
No - compile error
0/6
$ udge-judge hello examples/hello/0-tle.c 2>/dev/null
No - time limit exceeded
0/6
$ udge-judge hello examples/hello/1-wo-a.c
No - wrong output
1/6
$ udge-judge hello examples/hello/1-wo-b.c
No - wrong output
1/6
$ udge-judge hello examples/hello/2-wo-a.c
No - wrong output
2/6
$ udge-judge hello examples/hello/2-wo-b.c
No - wrong output
2/6
$ udge-judge hello examples/hello/3-re.c
No - runtime error (non-zero exit code)
3/6
$ udge-judge hello examples/hello/4-wo.c
No - wrong output
4/6
$ udge-judge hello examples/hello/5-wo.c
No - wrong output
5/6
