#!/usr/bin/env -S clitest -1
#
# Tests for the index page.
#
# This file is part of Udge.
#
#
# Copyright (C) 2020  Rudy Matela
#
# This program is free software; you can redistribute it and/or
# modify it under the terms of the GNU General Public License
# as published by the Free Software Foundation; either version 2
# of the License, or (at your option) any later version.
#
# This program is distributed in the hope that it will be useful,
# but WITHOUT ANY WARRANTY; without even the implied warranty of
# MERCHANTABILITY or FITNESS FOR A PARTICULAR PURPOSE.  See the
# GNU General Public License for more details.
#
# You should have received a copy of the GNU General Public License
# along with this program.  If not, see <http://www.gnu.org/licenses/>.

$ alias curl='curl -sw "%{http_code}\n"'
$ alias display='grep -E "(<title>|<h.>|help-block|^[0-9]+$)" | sed -e "s/<[^>]*>//g"; echo'
$ echo

$ curl -s udge | display
Udge Online Judge
Udge Online Judge
Problem Index
200

$ curl -s udge/hello | display
hello - Hello, World!
hello - Hello, World!
Input and output
Scoring
Hints
200

$ curl -s udge/this-page-does-not-exist | display
404 Not Found
Udge Online Judge
404 Not Found
404

$ curl -s udge | grep hello | sort
<li><a href="/hello">hello</a></li>
<li><a href="/hello-world">hello-world</a></li>
