$ udge-judge hello examples/hello/hello.c
6/6
$ udge-judge hello-world examples/hello-world/hello-world.c
1/1
$ udge-judge hello-world examples/hello-world/0-wo.c
No - wrong output
0/1
$ udge-judge hello path/to/file-not-found.c 2>/dev/null
No - source file not found
0/6
$ udge-judge ehllo examples/hello/hello.c
udge-judge, error: invalid problem code
