#!/usr/bin/env -S clitest -1
#
# Tests for the udge-judge script.
#
# This file is part of Udge.
#
#
# Copyright (C) 2020-2021  Rudy Matela
#
# This program is free software; you can redistribute it and/or
# modify it under the terms of the GNU General Public License
# as published by the Free Software Foundation; either version 2
# of the License, or (at your option) any later version.
#
# This program is distributed in the hope that it will be useful,
# but WITHOUT ANY WARRANTY; without even the implied warranty of
# MERCHANTABILITY or FITNESS FOR A PARTICULAR PURPOSE.  See the
# GNU General Public License for more details.
#
# You should have received a copy of the GNU General Public License
# along with this program.  If not, see <http://www.gnu.org/licenses/>.

$ udge-judge hello examples/hello/hello.c
6/6
$ udge-judge hello-world examples/hello-world/hello-world.c
1/1
$ udge-judge hello-world examples/hello-world/0-wo.c
No - wrong output
0/1
$ udge-judge hello path/to/file-not-found.c
udge-judge, error: source file not found
$ udge-judge ehllo examples/hello/hello.c
udge-judge, error: invalid problem code
