$ udge-judge hello examples/hello/yes.c
6/6
$ udge-judge hello-world examples/hello-world/yes.c
1/1
$ udge-judge hello-world examples/hello-world/no.c
No - wrong output
0/1
$ udge-judge hello path/to/file-not-found.c 2>/dev/null
No - source file not found
0/6
$ udge-judge ehllo examples/hello/yes.c
udge-judge, error: invalid problem code
