$ udge-judge hello problem/hello/yes.c
6/6
$ udge-judge hello-world problem/hello-world/yes.c
1/1
$ udge-judge hello-world problem/hello-world/no.c
No - wrong output
0/1
$ udge-judge hello path/to/file-not-found.c 2>/dev/null
No - source file not found
0/6
$ udge-judge ehllo problem/hello/yes.c
udge-judge, error: invalid problem code
