#!/usr/bin/env -S clitest -1
#
# Tests for the new user toggle.
#
# This file is part of Udge.
#
#
# Copyright (C) 2020-2021  Rudy Matela
#
# This program is free software; you can redistribute it and/or
# modify it under the terms of the GNU General Public License
# as published by the Free Software Foundation; either version 2
# of the License, or (at your option) any later version.
#
# This program is distributed in the hope that it will be useful,
# but WITHOUT ANY WARRANTY; without even the implied warranty of
# MERCHANTABILITY or FITNESS FOR A PARTICULAR PURPOSE.  See the
# GNU General Public License for more details.
#
# You should have received a copy of the GNU General Public License
# along with this program.  If not, see <http://www.gnu.org/licenses/>.

$ alias curl='curl -sw "%{http_code}\n"'
$ alias display='grep -E "(<title>|<h.>|help-block|^[0-9]+$)" | sed -e "s/<[^>]*>//g"; echo'
$
$ sed -i 's/NEW_USER=false/NEW_USER=true/' etc/udgerc
$ curl -XGET udge/new-user | display
New user – Udge Online Judge
New user
200

$ curl -XPOST udge/new-user | display
New user – Udge Online Judge
New user
username is missing
email is missing
email is missing
password is missing
password is missing
422

$ sed -i 's/NEW_USER=true/NEW_USER=false/' etc/udgerc
$ curl -XGET udge/new-user | display
404 Not Found – Udge Online Judge
Udge Online Judge
404 Not Found
404

$ sed -i 's/NEW_USER=false/NEW_USER=true/' etc/udgerc
$ curl -XGET udge/new-user | display
New user – Udge Online Judge
New user
200

$ grep "^NEW_USER=" etc/udgerc
NEW_USER=true
