#!/usr/bin/env -S clitest -1
#
# Tests for the new user page.
#
# This file is part of Udge.
#
#
# Copyright (C) 2020-2021  Rudy Matela
#
# This program is free software; you can redistribute it and/or
# modify it under the terms of the GNU General Public License
# as published by the Free Software Foundation; either version 2
# of the License, or (at your option) any later version.
#
# This program is distributed in the hope that it will be useful,
# but WITHOUT ANY WARRANTY; without even the implied warranty of
# MERCHANTABILITY or FITNESS FOR A PARTICULAR PURPOSE.  See the
# GNU General Public License for more details.
#
# You should have received a copy of the GNU General Public License
# along with this program.  If not, see <http://www.gnu.org/licenses/>.

$ user=tu-`date "+%Y%m%d-%H%M%S"`
$
$ alias curl='curl -sw "%{http_code}\n"'
$ alias display='grep -E "(<title>|<h.>|help-block|^[0-9]+$)" | sed -e "s/<[^>]*>//g"; echo'
$
$ curl -XGET udge/new-user | display
New user – Udge Online Judge
New user
200

$ curl -XPUT udge/new-user | display
405 Method Not Allowed
Udge Online Judge
405 Method Not Allowed
405

$ curl -XPATCH udge/new-user | display
405 Method Not Allowed
Udge Online Judge
405 Method Not Allowed
405

$ curl -XPOST udge/new-user | display
New user – Udge Online Judge
New user
username is missing
email is missing
email is missing
password is missing
password is missing
422

$ curl -XPOST udge/new-user -Fuser=$user | display
New user – Udge Online Judge
New user
email is missing
email is missing
password is missing
password is missing
422

$ curl -XPOST udge/new-user -Femail=u@example.com -Femail-confirmation=u@example.com | display
New user – Udge Online Judge
New user
username is missing
password is missing
password is missing
422

$ curl -XPOST udge/new-user -Fpassword=the-password -Fpassword-confirmation=the-password | display
New user – Udge Online Judge
New user
username is missing
email is missing
email is missing
422

$ curl -XPOST udge/new-user              -Femail=u@example.com -Femail-confirmation=u@example.com -Fpassword=the-password -Fpassword-confirmation=the-password | display
New user – Udge Online Judge
New user
username is missing
422

$ curl -XPOST udge/new-user -Fuser=$user                       -Femail-confirmation=u@example.com -Fpassword=the-password -Fpassword-confirmation=the-password | display
New user – Udge Online Judge
New user
email is missing
email is missing
422

$ curl -XPOST udge/new-user -Fuser=$user                                                          -Fpassword=the-password -Fpassword-confirmation=the-password | display
New user – Udge Online Judge
New user
email is missing
email is missing
422

$ curl -XPOST udge/new-user -Fuser=$user -Femail=u@example.com                                    -Fpassword=the-password -Fpassword-confirmation=the-password | display
New user – Udge Online Judge
New user
emails do not match
emails do not match
422

$ curl -XPOST udge/new-user -Fuser=$user -Femail=u@example.com -Femail-confirmation=u@example.com                         -Fpassword-confirmation=the-password | display
New user – Udge Online Judge
New user
password is missing
password is missing
422

$ curl -XPOST udge/new-user -Fuser=$user -Femail=u@example.com -Femail-confirmation=u@example.com                                                              | display
New user – Udge Online Judge
New user
password is missing
password is missing
422

$ curl -XPOST udge/new-user -Fuser=$user -Femail=u@example.com -Femail-confirmation=u@example.com -Fpassword=the-password                                      | display
New user – Udge Online Judge
New user
passwords do not match
passwords do not match
422

$ curl -XPOST udge/new-user -Fuser=$user -Femail=u@example.com -Femail-confirmation=w@example.com -Fpassword=the-password -Fpassword-confirmation=the-password | display
New user – Udge Online Judge
New user
emails do not match
emails do not match
422

$ curl -XPOST udge/new-user -Fuser=$user -Femail=u@example.com -Femail-confirmation=u@example.com -Fpassword=the-password -Fpassword-confirmation=A-password., | display
New user – Udge Online Judge
New user
passwords do not match
passwords do not match
422

$ curl -XPOST udge/new-user -Fuser=$user -Femail=u@example.com -Femail-confirmation=u@example.com -Fpassword=the-password -Fpassword-confirmation=the-password | display
User created
User created
201

$ curl -XPOST udge/new-user -Fuser=$user -Femail=u@example.com -Femail-confirmation=u@example.com -Fpassword=the-password -Fpassword-confirmation=the-password | display
New user – Udge Online Judge
New user
username already exists (pick another)
409

$ curl -XPOST udge/new-user -Fuser=../../../../../bin/ls -Femail=u@example.com -Femail-confirmation=u@example.com -Fpassword=the-password -Fpassword-confirmation=the-password | display
New user – Udge Online Judge
New user
invalid characters: use lowercase English letters, digits, dashes (-) or underscores (_)
422

$ curl -XPOST udge/new-user -Fuser=úśęŕ -Femail=u@example.com -Femail-confirmation=u@example.com -Fpassword=the-password -Fpassword-confirmation=the-password | display
New user – Udge Online Judge
New user
invalid characters: use lowercase English letters, digits, dashes (-) or underscores (_)
422

$ curl -XPOST udge/new-user -Fuser=o234567890123456789012345678901 -Femail=u@example.com -Femail-confirmation=u@example.com -Fpassword=the-password -Fpassword-confirmation=the-password | display
New user – Udge Online Judge
New user
username must have at most 30 characters
422

$ curl -XPOST udge/new-user -Fuser=$user -Femail=notanemail -Femail-confirmation=notanemail -Fpassword=the-password -Fpassword-confirmation=the-password | display
New user – Udge Online Judge
New user
invalid or unsupported email address
invalid or unsupported email address
422

$ curl -XPOST udge/new-user -Fuser=$user -Femail=ú@ęxąḿpłé.çóm -Femail-confirmation=ú@ęxąḿpłé.çóm -Fpassword=the-password -Fpassword-confirmation=the-password | display
New user – Udge Online Judge
New user
invalid or unsupported email address
invalid or unsupported email address
422

$ curl -XPOST udge/new-user -Fuser=$user -Femail=.@... -Femail-confirmation=.@... -Fpassword=the-password -Fpassword-confirmation=the-password | display
New user – Udge Online Judge
New user
invalid or unsupported email address
invalid or unsupported email address
422

$ curl -XPOST udge/new-user -F../../../../../../../bin/ls=bla | display
New user – Udge Online Judge
New user
username is missing
email is missing
email is missing
password is missing
password is missing
422

$ curl -XPOST udge/new-user -Fuser=$user -Femail=u@example.com -Femail-confirmation=u@example.com -Fpassword=password -Fpassword-confirmation=password | display
New user – Udge Online Judge
New user
it is based on a dictionary word (hint: use two dictionary words)
it is based on a dictionary word (hint: use two dictionary words)
422

$ curl -XPOST udge/new-user -Fuser=$user -Femail=u@example.com -Femail-confirmation=u@example.com -Fpassword=a -Fpassword-confirmation=a | display
New user – Udge Online Judge
New user
it is WAY too short
it is WAY too short
422

$ curl -XPOST udge/new-user -Fuser=$user -Femail=u@example.com -Femail-confirmation=u@example.com -Fpassword=51932 -Fpassword-confirmation=51932 | display
New user – Udge Online Judge
New user
it is too short
it is too short
422

$ curl -XPOST udge/new-user -Fuser=$user -Femail=u@example.com -Femail-confirmation=u@example.com -Fpassword=abcd1234 -Fpassword-confirmation=abcd1234 | display
New user – Udge Online Judge
New user
it is too simplistic/systematic
it is too simplistic/systematic
422

$ . /etc/udgerc
$ ls -1 $USERS/$user
email
name
password
salt
$ cat $USERS/$user/email
u@example.com
$ cat $USERS/$user/name | sed -e "s/$user/username/"
username
$ cat $USERS/$user/password | wc -c
65
$ cat $USERS/$user/salt     | wc -c
40
$
$
$ udge-delete-user $user -f
