#!/usr/bin/env -S clitest -1
#
# Tests Udge runtime error detection.
#
# This file is part of Udge.
#
#
# Copyright (C) 2020-2021  Rudy Matela
#
# This program is free software; you can redistribute it and/or
# modify it under the terms of the GNU General Public License
# as published by the Free Software Foundation; either version 2
# of the License, or (at your option) any later version.
#
# This program is distributed in the hope that it will be useful,
# but WITHOUT ANY WARRANTY; without even the implied warranty of
# MERCHANTABILITY or FITNESS FOR A PARTICULAR PURPOSE.  See the
# GNU General Public License for more details.
#
# You should have received a copy of the GNU General Public License
# along with this program.  If not, see <http://www.gnu.org/licenses/>.

$ udge-judge hello-world examples/runtime/exit0.c
incorrect output
0/1
$ udge-judge hello-world examples/runtime/exit1.c
runtime error
0/1
$ udge-judge hello-world examples/runtime/exit2.c
runtime error
0/1
$ udge-judge hello-world examples/runtime/exit127.c
runtime error: command not found
0/1
$ udge-judge hello-world examples/runtime/div0.c
runtime error: floating point exception
0/1
$ udge-judge hello-world examples/runtime/segmentation.c
runtime error: segmentation fault
0/1
$ udge-judge hello-world examples/runtime/assert-failure.c
runtime error: aborted
0/1
$ udge-judge hello-world examples/runtime/ill.c
runtime error: illegal instruction
0/1
$
$ # one can run system("...") without issues
$ udge-judge hello-world examples/runtime/system.c
incorrect output
0/1
$
$ # other system files are readable when not using a chroot
$ udge-judge hello-world examples/runtime/ls.c
incorrect output
0/1
