#!/usr/bin/env -S clitest -1
#
# Tests Udge sandboxing.
#
# This file is part of Udge.
#
#
# Copyright (C) 2020  Rudy Matela
#
# This program is free software; you can redistribute it and/or
# modify it under the terms of the GNU General Public License
# as published by the Free Software Foundation; either version 2
# of the License, or (at your option) any later version.
#
# This program is distributed in the hope that it will be useful,
# but WITHOUT ANY WARRANTY; without even the implied warranty of
# MERCHANTABILITY or FITNESS FOR A PARTICULAR PURPOSE.  See the
# GNU General Public License for more details.
#
# You should have received a copy of the GNU General Public License
# along with this program.  If not, see <http://www.gnu.org/licenses/>.

$ tmp=`mktemp /tmp/udge-test-sandbox-exe-XXXXXXXXXX`
$
$ udge-judge hello-world examples/hello-world/hello-world.c
1/1
$
$ udge-judge hello-world examples/sandbox/dns.c
No - runtime error (non-zero exit code)
0/1
$
$ cc examples/sandbox/dns.c -o $tmp
$ $tmp | grep example.com | sort -u
hostname: example.com
$ udge-sandbox $tmp
could not resolve hostname (-3)
$
$ udge-judge hello-world examples/sandbox/socket.c
No - runtime error (non-zero exit code)
0/1
$
$ cc examples/sandbox/socket.c -o $tmp
$ $tmp | grep "<h.>" | sed -e "s/<[^>]*>//g" | head -1
Udge Online Judge
$ udge-sandbox $tmp
could not connect to 127.0.0.1:80
$
$ udge-judge hello-world examples/sandbox/memory.c
No - runtime error (non-zero exit code)
0/1
$
$ cc examples/sandbox/memory.c -o $tmp
$ $tmp
Allocated 1Kb.
Allocated 1Mb.
Allocated 256Mb.
Allocated 1Gb.
Used 1Kb.
Used 1Mb.
Used 1Mb.
Used 1Gb.
$ udge-sandbox $tmp 2>&1 | sort -n
Allocated 1Kb.
Allocated 1Mb.
Allocated 256Mb.
Failed to allocate 1Gb.: Cannot allocate memory
$
$ rm $tmp
$
$ udge-judge hello-world examples/sandbox/busy.c
No - time limit exceeded
0/1
$
$ udge-judge hello-world examples/sandbox/sol.c
No - runtime error (non-zero exit code)
0/1
$ udge-judge hello       examples/sandbox/sol.c
No - wrong output
1/6
$ udge-judge add         examples/sandbox/sol.c 2>/dev/null
No - runtime error (non-zero exit code)
0/6
$ udge-judge addition    examples/sandbox/sol.c
No - runtime error (non-zero exit code)
0/1
$ udge-judge rectangle   examples/sandbox/sol.c 2>/dev/null
No - runtime error (non-zero exit code)
0/3
$ udge-judge cat         examples/sandbox/sol.c
No - runtime error (non-zero exit code)
0/6
$
$ cat examples/sandbox/sol-searcher.c | sed -e "s/:problem:/hello-world/" > examples/sandbox/sol-searcher-hello-world.c
$ cat examples/sandbox/sol-searcher.c | sed -e "s/:problem:/addition/"    > examples/sandbox/sol-searcher-addition.c
$ udge-judge hello-world examples/sandbox/sol-searcher-hello-world.c
1/1
$ udge-judge addition    examples/sandbox/sol-searcher-addition.c
1/1
$ rm examples/sandbox/sol-searcher-addition.c
$ rm examples/sandbox/sol-searcher-hello-world.c
