#!/usr/bin/env -S clitest -1
#
# Tests Udge sandboxing.
#
# This file is part of Udge.
#
#
# Copyright (C) 2020-2021  Rudy Matela
#
# This program is free software; you can redistribute it and/or
# modify it under the terms of the GNU General Public License
# as published by the Free Software Foundation; either version 2
# of the License, or (at your option) any later version.
#
# This program is distributed in the hope that it will be useful,
# but WITHOUT ANY WARRANTY; without even the implied warranty of
# MERCHANTABILITY or FITNESS FOR A PARTICULAR PURPOSE.  See the
# GNU General Public License for more details.
#
# You should have received a copy of the GNU General Public License
# along with this program.  If not, see <http://www.gnu.org/licenses/>.

$ tmp=`mktemp /tmp/udge-test-sandbox-exe-XXXXXXXXXX`
$
$ udge-judge hello-world examples/hello-world/hello-world.c
1/1
$
$ udge-judge hello-world examples/sandbox/dns.c
runtime error
0/1
$
$ cc examples/sandbox/dns.c -o $tmp
$ $tmp | grep hostname: | sed -e "s/hostname:.*/hostname:/" | sort -u
hostname:
$ MAX_PROCESSES=2048 udge-sandbox $tmp
could not resolve hostname (-3)
$
$ udge-judge hello-world examples/sandbox/socket.c
runtime error
0/1
$
$ cc examples/sandbox/socket.c -o $tmp
$ $tmp | grep "<h.>" | sed -e "s/<[^>]*>//g" | head -1
Udge Online Judge
$ MAX_PROCESSES=2048 udge-sandbox $tmp
could not connect to 127.0.0.1:80
$
$ udge-judge hello-world examples/sandbox/memory.c
memory limit exceeded
0/1
$
$ cc examples/sandbox/memory.c -o $tmp
$ $tmp
Allocated 1Kb.
Allocated 1Mb.
Allocated 256Mb.
Allocated 1Gb.
Used 1Kb.
Used 1Mb.
Used 1Mb.
Used 1Gb.
$ MAX_PROCESSES=2048 udge-sandbox $tmp 2>&1 | sort -n
Allocated 1Kb.
Allocated 1Mb.
Allocated 256Mb.
Failed to allocate 1Gb.: Cannot allocate memory
$
$ rm $tmp
$
$ udge-judge hello-world examples/sandbox/sigterm.c
time limit exceeded
0/1
$
$ udge-judge hello-world examples/sandbox/dangling.c
time limit exceeded
0/1
$ pgrep -af "/usr/bin/sleep" | cut -d' ' -f2- | grep "sleep 66"
$
$ udge-judge hello-world examples/sandbox/busy.c
time limit exceeded
0/1
$
$ udge-judge hello-world examples/sandbox/diskfill.c
output limit exceeded
0/1
$
$ udge-judge hello-world examples/sandbox/180mib.c
compile-and-run-1, error: output limit exceeded, cleaned up and forced exit code
output limit exceeded
0/1
$
$ udge-judge hello-world examples/sandbox/stdout-1m.c
incorrect output
0/1
$
$ udge-judge hello-world examples/sandbox/stdout-1m1b.c
output limit exceeded
0/1
$
$ udge-judge hello-world examples/sandbox/file-1m.c
incorrect output
0/1
$
$ udge-judge hello-world examples/sandbox/file-1m1b.c
output limit exceeded
0/1
$
$ udge-judge hello-world examples/sandbox/sol.c
runtime error
0/1
$ udge-judge addition    examples/sandbox/sol.c
runtime error
0/1
$
$ cat examples/sandbox/sol-searcher.c | sed -e "s/:problem:/hello-world/" > examples/sandbox/sol-searcher-hello-world.c
$ cat examples/sandbox/sol-searcher.c | sed -e "s/:problem:/addition/"    > examples/sandbox/sol-searcher-addition.c
$
$ # to avoid the following two from getting points at all,
$ # do chmod o-r /var/lib/udge/problem/{*,*/*}/out
$ udge-judge hello-world examples/sandbox/sol-searcher-hello-world.c
1/1
$ udge-judge addition    examples/sandbox/sol-searcher-addition.c
1/1
$
$ rm examples/sandbox/sol-searcher-addition.c
$ rm examples/sandbox/sol-searcher-hello-world.c
