#!/usr/bin/env -S clitest -1
#
# Tests for the submit page.
#
# This file is part of Udge.
#
#
# Copyright (C) 2020  Rudy Matela
#
# This program is free software; you can redistribute it and/or
# modify it under the terms of the GNU General Public License
# as published by the Free Software Foundation; either version 2
# of the License, or (at your option) any later version.
#
# This program is distributed in the hope that it will be useful,
# but WITHOUT ANY WARRANTY; without even the implied warranty of
# MERCHANTABILITY or FITNESS FOR A PARTICULAR PURPOSE.  See the
# GNU General Public License for more details.
#
# You should have received a copy of the GNU General Public License
# along with this program.  If not, see <http://www.gnu.org/licenses/>.

$ user=test-submit-`date "+%Y%m%d-%H%M%S"`
$ alias curl='curl -sw "%{http_code}\n"'
$ alias display='grep -E "(<title>|<h.>|help-block|^[0-9]+$)" | sed -e "s/<[^>]*>//g"; echo'
$
$
$ udge-pick-and-judge >/dev/null 2>/dev/null || true # try to clear submissions (1x)
$ udge-pick-and-judge >/dev/null 2>/dev/null || true # try to clear submissions (2x)
$ udge-pick-and-judge >/dev/null 2>/dev/null || true # try to clear submissions (3x)
$ udge-pick-and-judge >/dev/null 2>/dev/null || true # try to clear submissions (4x)
$ udge-pick-and-judge >/dev/null 2>/dev/null || true # try to clear submissions (5x)
$
$
$ curl -s udge/submit | display
Submit your solution – Udge Online Judge
Submit your solution
200

$ ./examples/create-new-user $user test-user@example.com the-password
User created
201
$
$
$ export UDGE_USERNAME=$user
$ export UDGE_PASSWORD=the-password
$
$
$ udge-submit examples/hello.c
Submission successful (202)
$
$
$ UDGE_PASSWORD=wrong udge-submit examples/hello.c
udge-submit: 401
udge-submit: invalid credentials
$
$
$ UDGE_USERNAME=$UDGE_USERNAME-does-not-exist udge-submit examples/hello.c
udge-submit: 401
udge-submit: invalid credentials
$
$
$ udge-submit examples/hello.c invalid-problem
udge-submit: 422
udge-submit: invalid problem id
$
$
$ udge-submit examples/hello.c hello blub
udge-submit: 422
udge-submit: invalid or unsupported language
$
$
$ UDGE_USERNAME='#!/\X12' UDGE_PASSWORD=pass udge-submit examples/hello.c invalid-problem blub
udge-submit: 422
udge-submit: invalid characters: use lowercase English letters, digits, dashes (-) or underscores (_)
udge-submit: invalid or unsupported language
udge-submit: invalid problem id
$
$
$ udge-submit examples/hello.c "../../../../../../../bin/ls" c
udge-submit: 422
udge-submit: problem id invalid
$
$
$ udge-submit examples/hello.c add "../../../../../../../bin/ls"
udge-submit: 422
udge-submit: invalid language
$
$
$ curl -XGET udge/submit | display
Submit your solution – Udge Online Judge
Submit your solution
200

$ curl -XPUT udge/submit | display
405 Method Not Allowed
Udge Online Judge
405 Method Not Allowed
405

$ curl -XPATCH udge/submit | display
405 Method Not Allowed
Udge Online Judge
405 Method Not Allowed
405

$ curl -XPOST udge/submit | display
Submit your solution – Udge Online Judge
Submit your solution
user is missing
password is missing
program is missing
select the problem
select the language
422

$ curl -XPOST udge/submit -duser=someone | display
Submit your solution – Udge Online Judge
Submit your solution
password is missing
program is missing
select the problem
select the language
422

$ curl -XPOST udge/submit -dpassword=pw | display
Submit your solution – Udge Online Judge
Submit your solution
user is missing
program is missing
select the problem
select the language
422

$ curl -XPOST udge/submit -dprogram=@examples/hello.c | display
Submit your solution – Udge Online Judge
Submit your solution
user is missing
password is missing
select the problem
select the language
422

$ curl -XPOST udge/submit -dproblem=hello | display
Submit your solution – Udge Online Judge
Submit your solution
user is missing
password is missing
program is missing
select the language
422

$ curl -XPOST udge/submit -dlanguage=c | display
Submit your solution – Udge Online Judge
Submit your solution
user is missing
password is missing
program is missing
select the problem
422

$ curl -XPOST udge/submit --data-urlencode "user=user&password=pass" | display
Submit your solution – Udge Online Judge
Submit your solution
invalid characters: use lowercase English letters, digits, dashes (-) or underscores (_)
password is missing
program is missing
select the problem
select the language
422

$ curl -XPOST udge/submit -d../../../../../../../../../bin/ls | display
Submit your solution – Udge Online Judge
Submit your solution
user is missing
password is missing
program is missing
select the problem
select the language
422

$ curl -XPOST udge/submit -Fpassword=the-password -Fproblem=add -Flanguage=c -Fprogram=@examples/hello.c | display
Submit your solution – Udge Online Judge
Submit your solution
user is missing
422

$ curl -XPOST udge/submit -Fuser=$user -Fproblem=add -Flanguage=c -Fprogram=@examples/hello.c | display
Submit your solution – Udge Online Judge
Submit your solution
password is missing
422

$ curl -XPOST udge/submit -Fuser=$user -Fpassword=the-password -Fproblem=add -Flanguage=c | display
Submit your solution – Udge Online Judge
Submit your solution
program is missing
422

$ curl -XPOST udge/submit -Fuser=$user -Fpassword=the-password -Flanguage=c -Fprogram=@examples/hello.c | display
Submit your solution – Udge Online Judge
Submit your solution
select the problem
422

$ curl -XPOST udge/submit -Fuser=$user -Fpassword=the-password -Fproblem=add -Fprogram=@examples/hello.c | display
Submit your solution – Udge Online Judge
Submit your solution
select the language
422

$ sleep 1
$ curl -XPOST udge/submit -Fuser=$user -Fpassword=the-password -Fproblem=add -Flanguage=c -Fprogram=@examples/hello.c | display
Submission successful
Submission successful
202

$ . /etc/udgerc
$ find $SUBMISSIONS/$user -type f | sed -e "s/$user/<user>/;s/[0-9][0-9-]*-[0-9-]*/YYYYMMDD-HHMMSS/g;s,.*/submissions/,.../submissions/," | sort; echo
.../submissions/<user>/YYYYMMDD-HHMMSS/add.c
.../submissions/<user>/YYYYMMDD-HHMMSS/hello.c

$ udge-pick-and-judge >/dev/null 2>/dev/null || true # try to clear submissions (1x)
$ udge-pick-and-judge >/dev/null 2>/dev/null || true # try to clear submissions (2x)
$ udge-pick-and-judge >/dev/null 2>/dev/null || true # try to clear submissions (3x)
$ udge-pick-and-judge >/dev/null 2>/dev/null || true # try to clear submissions (4x)
$ udge-pick-and-judge >/dev/null 2>/dev/null || true # try to clear submissions (5x)
$ sleep 1
$ curl -XPOST udge/submit -duser=$user -dpassword=the-password -dproblem=add -dlanguage=c --data-urlencode program@examples/add/add.c | display
Submission successful
Submission successful
202

$ find $SUBMISSIONS/$user -type f | sed -e "s/$user/<user>/;s/[0-9][0-9-]*-[0-9-]*/YYYYMMDD-HHMMSS/g;s,.*/submissions/,.../submissions/," | sort
.../submissions/<user>/YYYYMMDD-HHMMSS/add.c
$
$
$ udge-pick-and-judge >/dev/null 2>/dev/null || true # try to clear submissions (1x)
$ udge-pick-and-judge >/dev/null 2>/dev/null || true # try to clear submissions (2x)
$ udge-pick-and-judge >/dev/null 2>/dev/null || true # try to clear submissions (3x)
$ udge-pick-and-judge >/dev/null 2>/dev/null || true # try to clear submissions (4x)
$ udge-pick-and-judge >/dev/null 2>/dev/null || true # try to clear submissions (5x)
$
$
$ tmp=`mktemp /tmp/huge-XXXXXXXXXX`
$ head -c8192 /dev/random > $tmp
$ udge-submit $tmp hello-world c
Submission successful (202)
$ sleep 1
$ head -c1 /dev/random >> $tmp
$ udge-submit $tmp hello-world c
udge-submit: 422
udge-submit: source file is too big
$
$
$ udge-pick-and-judge >/dev/null 2>/dev/null || true # try to clear submissions (1x)
$ udge-pick-and-judge >/dev/null 2>/dev/null || true # try to clear submissions (2x)
$ udge-pick-and-judge >/dev/null 2>/dev/null || true # try to clear submissions (3x)
$ udge-pick-and-judge >/dev/null 2>/dev/null || true # try to clear submissions (4x)
$ udge-pick-and-judge >/dev/null 2>/dev/null || true # try to clear submissions (5x)
$
$
$ udge-delete-user $user -f
